Godot Engine v4.7.1.stable.official.a13da4feb - https://godotengine.org

[   0% ] first_scan_filesystem | Started 项目初始化 (5 steps)
[   0% ] first_scan_filesystem | 正在扫描文件结构……
[  16% ] first_scan_filesystem | 正在加载全局类名……
[  33% ] first_scan_filesystem | 正在校验 GDExtension……
[  50% ] first_scan_filesystem | 正在创建自动加载脚本……
[  66% ] first_scan_filesystem | 正在初始化插件……
[  83% ] first_scan_filesystem | 正在启动文件扫描……
[ DONE ] first_scan_filesystem

[   0% ] update_scripts_classes | Started 正在注册全局类…… (6 steps)
[   0% ] update_scripts_classes | 
[  14% ] update_scripts_classes | AvatarRenderer
[  28% ] update_scripts_classes | CharacterCreator
[  42% ] update_scripts_classes | 
[  57% ] update_scripts_classes | 
[  71% ] update_scripts_classes | WorldRenderer
[ DONE ] update_scripts_classes

[   0% ] _update_scan_actions | Started 正在扫描动作…… (13 steps)
[   0% ] _update_scan_actions | farm_well_v1.png
[   7% ] _update_scan_actions | resident_cast_down.png
[  14% ] _update_scan_actions | resident_cast_left.png
[  21% ] _update_scan_actions | resident_cast_right.png
[  28% ] _update_scan_actions | resident_cast_up.png
[  35% ] _update_scan_actions | resident_walk_down_phase.png
[  42% ] _update_scan_actions | farmer_walk_v6-packed.png
[  50% ] _update_scan_actions | resident_cast_down.png
[  57% ] _update_scan_actions | resident_cast_left.png
[  64% ] _update_scan_actions | resident_cast_right.png
[  71% ] _update_scan_actions | resident_cast_up.png
[  78% ] _update_scan_actions | resident_walk_down_phase.png
[  85% ] _update_scan_actions | avatar-walk-v6-candidate.png
[ DONE ] _update_scan_actions

[   0% ] reimport | Started 正在导入或重新导入资产 (9 steps)
[   0% ] reimport | 正在准备重新导入文件……
[  10% ] reimport | 正在准备重新导入文件……
[  20% ] reimport | 正在准备重新导入文件……
[  30% ] reimport | 正在准备重新导入文件……
[  40% ] reimport | 正在准备重新导入文件……
[  50% ] reimport | 正在准备重新导入文件……
[  60% ] reimport | 正在准备重新导入文件……
[  70% ] reimport | 正在准备重新导入文件……
[  80% ] reimport | 正在准备重新导入文件……
[   0% ] reimport | 正在执行重新导入的前置操作……
[   0% ] reimport | farm_well_v1.png
[  10% ] reimport | resident_walk_down_phase.png
[  20% ] reimport | farmer_walk_v6-packed.png
[  30% ] reimport | resident_cast_down.png
[  40% ] reimport | resident_cast_left.png
[  50% ] reimport | resident_cast_right.png
[  60% ] reimport | resident_cast_up.png
[  70% ] reimport | resident_walk_down_phase.png
[  80% ] reimport | avatar-walk-v6-candidate.png
[  90% ] reimport | 正在结束资产导入……
[ DONE ] reimport

[   0% ] reimport | Started 正在导入或重新导入资产 (9 steps)
[   0% ] reimport | 正在执行重新导入的后置操作……
[ DONE ] reimport

[   0% ] loading_editor_layout | Started 正在加载编辑器 (5 steps)
[   0% ] loading_editor_layout | 正在加载编辑器布局……
[  16% ] loading_editor_layout | 正在加载停靠面板……
[  33% ] loading_editor_layout | 正在重新打开场景……
[  50% ] loading_editor_layout | 正在加载中央编辑器布局……
[  66% ] loading_editor_layout | 正在加载插件窗口布局……
[  83% ] loading_editor_layout | 编辑器布局就绪。
[ DONE ] loading_editor_layout

