Godot Engine v4.7.1.stable.official.a13da4feb - https://godotengine.org

[   0% ] first_scan_filesystem | Started 项目初始化 (5 steps)
[   0% ] first_scan_filesystem | 正在扫描文件结构……
[  16% ] first_scan_filesystem | 正在加载全局类名……
[  33% ] first_scan_filesystem | 正在校验 GDExtension……
[  50% ] first_scan_filesystem | 正在创建自动加载脚本……
[  66% ] first_scan_filesystem | 正在初始化插件……
[  83% ] first_scan_filesystem | 正在启动文件扫描……
[ DONE ] first_scan_filesystem

[   0% ] update_scripts_classes | Started 正在注册全局类…… (2 steps)
[   0% ] update_scripts_classes | 
[  33% ] update_scripts_classes | 
[ DONE ] update_scripts_classes

[   0% ] _update_scan_actions | Started 正在扫描动作…… (10 steps)
[   0% ] _update_scan_actions | creek_fish_v1.png
[   9% ] _update_scan_actions | fishing_rod_v1.png
[  18% ] _update_scan_actions | mushroom_v1.png
[  27% ] _update_scan_actions | stone_v1.png
[  36% ] _update_scan_actions | wild_berry_v1.png
[  45% ] _update_scan_actions | wood_v1.png
[  54% ] _update_scan_actions | idle_down.png
[  63% ] _update_scan_actions | idle_left.png
[  72% ] _update_scan_actions | idle_right.png
[  81% ] _update_scan_actions | idle_up.png
[ DONE ] _update_scan_actions

[   0% ] reimport | Started 正在导入或重新导入资产 (10 steps)
[   0% ] reimport | 正在准备重新导入文件……
[   9% ] reimport | 正在准备重新导入文件……
[  18% ] reimport | 正在准备重新导入文件……
[  27% ] reimport | 正在准备重新导入文件……
[  36% ] reimport | 正在准备重新导入文件……
[  45% ] reimport | 正在准备重新导入文件……
[  54% ] reimport | 正在准备重新导入文件……
[  63% ] reimport | 正在准备重新导入文件……
[  72% ] reimport | 正在准备重新导入文件……
[  81% ] reimport | 正在准备重新导入文件……
[   0% ] reimport | 正在执行重新导入的前置操作……
[   0% ] reimport | creek_fish_v1.png
[   9% ] reimport | fishing_rod_v1.png
[  18% ] reimport | mushroom_v1.png
[  27% ] reimport | stone_v1.png
[  36% ] reimport | wild_berry_v1.png
[  45% ] reimport | wood_v1.png
[  54% ] reimport | idle_down.png
[  63% ] reimport | idle_left.png
[  72% ] reimport | idle_right.png
[  81% ] reimport | idle_up.png
[  90% ] reimport | 正在结束资产导入……
[ DONE ] reimport

[   0% ] reimport | Started 正在导入或重新导入资产 (10 steps)
[   0% ] reimport | 正在执行重新导入的后置操作……
[ DONE ] reimport

[   0% ] loading_editor_layout | Started 正在加载编辑器 (5 steps)
[   0% ] loading_editor_layout | 正在加载编辑器布局……
[  16% ] loading_editor_layout | 正在加载停靠面板……
[  33% ] loading_editor_layout | 正在重新打开场景……
[  50% ] loading_editor_layout | 正在加载中央编辑器布局……
[  66% ] loading_editor_layout | 正在加载插件窗口布局……
[  83% ] loading_editor_layout | 编辑器布局就绪。
[ DONE ] loading_editor_layout

