Godot Engine v4.7.1.stable.official.a13da4feb - https://godotengine.org

[   0% ] first_scan_filesystem | Started 项目初始化 (5 steps)
[   0% ] first_scan_filesystem | 正在扫描文件结构……
[  16% ] first_scan_filesystem | 正在加载全局类名……
[  33% ] first_scan_filesystem | 正在校验 GDExtension……
[  50% ] first_scan_filesystem | 正在创建自动加载脚本……
[  66% ] first_scan_filesystem | 正在初始化插件……
[  83% ] first_scan_filesystem | 正在启动文件扫描……
[ DONE ] first_scan_filesystem

[   0% ] _update_scan_actions | Started 正在扫描动作…… (37 steps)
[   0% ] _update_scan_actions | farmhouse_tier_1_reference_v1.png
[   2% ] _update_scan_actions | farmhouse_tier_2_reference_v1.png
[   5% ] _update_scan_actions | farmhouse_tier_3_reference_v1.png
[   7% ] _update_scan_actions | farm_barn_tier_1_reference_v1.png
[  10% ] _update_scan_actions | farm_barn_tier_2_reference_v1.png
[  13% ] _update_scan_actions | farm_barn_tier_3_reference_v1.png
[  15% ] _update_scan_actions | farm_cat_walk_v2.png
[  18% ] _update_scan_actions | farm_chicken_female_walk_v2.png
[  21% ] _update_scan_actions | farm_chicken_male_walk_v2.png
[  23% ] _update_scan_actions | farm_coop_tier_1_reference_v1.png
[  26% ] _update_scan_actions | farm_coop_tier_2_reference_v1.png
[  28% ] _update_scan_actions | farm_coop_tier_3_reference_v1.png
[  31% ] _update_scan_actions | farm_cow_female_walk_v2.png
[  34% ] _update_scan_actions | farm_cow_male_walk_v2.png
[  36% ] _update_scan_actions | farm_dog_female_walk_v2.png
[  39% ] _update_scan_actions | farm_dog_male_walk_v2.png
[  42% ] _update_scan_actions | farm_duck_female_walk_v2.png
[  44% ] _update_scan_actions | farm_duck_male_walk_v2.png
[  47% ] _update_scan_actions | farm_fish_pond_reference_v1.png
[  50% ] _update_scan_actions | farm_goat_female_walk_v1.png
[  52% ] _update_scan_actions | farm_goat_male_walk_v1.png
[  55% ] _update_scan_actions | farm_greenhouse_reference_v1.png
[  57% ] _update_scan_actions | farm_greenhouse_repair_reference_v1.png
[  60% ] _update_scan_actions | farm_horse_female_walk_v1.png
[  63% ] _update_scan_actions | farm_horse_male_walk_v1.png
[  65% ] _update_scan_actions | farm_mill_reference_v1.png
[  68% ] _update_scan_actions | farm_pig_female_walk_v1.png
[  71% ] _update_scan_actions | farm_shed_reference_v1.png
[  73% ] _update_scan_actions | farm_sheep_female_walk_v1.png
[  76% ] _update_scan_actions | farm_sheep_male_walk_v1.png
[  78% ] _update_scan_actions | farm_silo_reference_v1.png
[  81% ] _update_scan_actions | farm_stable_reference_v1.png
[  84% ] _update_scan_actions | farm-built-animals-runtime.png
[  86% ] _update_scan_actions | farm-outdoor-runtime.png
[  89% ] _update_scan_actions | farm-pet-cat-runtime.png
[  92% ] _update_scan_actions | farm-plants-preview-runtime.png
[  94% ] _update_scan_actions | farmhouse-interior-runtime.png
[ DONE ] _update_scan_actions

[   0% ] reimport | Started 正在导入或重新导入资产 (3 steps)
[   0% ] reimport | 正在准备重新导入文件……
[  25% ] reimport | 正在准备重新导入文件……
[  50% ] reimport | 正在准备重新导入文件……
[   0% ] reimport | 正在执行重新导入的前置操作……
[   0% ] reimport | farmhouse_tier_1_reference_v1.png
[  25% ] reimport | farm-outdoor-runtime.png
[  50% ] reimport | farm-pet-cat-runtime.png
[  75% ] reimport | 正在结束资产导入……
[ DONE ] reimport

[   0% ] reimport | Started 正在导入或重新导入资产 (3 steps)
[   0% ] reimport | 正在执行重新导入的后置操作……
[ DONE ] reimport

[   0% ] loading_editor_layout | Started 正在加载编辑器 (5 steps)
[   0% ] loading_editor_layout | 正在加载编辑器布局……
[  16% ] loading_editor_layout | 正在加载停靠面板……
[  33% ] loading_editor_layout | 正在重新打开场景……
[  50% ] loading_editor_layout | 正在加载中央编辑器布局……
[  66% ] loading_editor_layout | 正在加载插件窗口布局……
[  83% ] loading_editor_layout | 编辑器布局就绪。
[ DONE ] loading_editor_layout

