Godot Engine v4.7.1.stable.official.a13da4feb - https://godotengine.org

WARNING: Loaded resource as image file, this will not work on export: 'res://assets/art/source_generated/user_reference_building_board_v1.png'. Instead, import the image file as an Image resource and load it normally as a resource.
   at: load_from_file (core/io/image.cpp:2780)
   GDScript backtrace (most recent call first):
       [0] _load_image (res://design/qa/2026-09-26/reference-art/prepare_user_reference_art.gd:247)
       [1] _init (res://design/qa/2026-09-26/reference-art/prepare_user_reference_art.gd:28)
Extracted 16 transparent building crops.
WARNING: Loaded resource as image file, this will not work on export: 'res://assets/art/source_generated/user_reference_chicken_gender_sheet_v1.png'. Instead, import the image file as an Image resource and load it normally as a resource.
   at: load_from_file (core/io/image.cpp:2780)
   GDScript backtrace (most recent call first):
       [0] _load_image (res://design/qa/2026-09-26/reference-art/prepare_user_reference_art.gd:247)
       [1] _prepare_gendered_walker (res://design/qa/2026-09-26/reference-art/prepare_user_reference_art.gd:88)
       [2] _init (res://design/qa/2026-09-26/reference-art/prepare_user_reference_art.gd:75)
Prepared female/male atlas from user_reference_chicken_gender_sheet_v1.png.
WARNING: Loaded resource as image file, this will not work on export: 'res://assets/art/source_generated/user_reference_duck_gender_sheet_v1.png'. Instead, import the image file as an Image resource and load it normally as a resource.
   at: load_from_file (core/io/image.cpp:2780)
   GDScript backtrace (most recent call first):
       [0] _load_image (res://design/qa/2026-09-26/reference-art/prepare_user_reference_art.gd:247)
       [1] _prepare_gendered_walker (res://design/qa/2026-09-26/reference-art/prepare_user_reference_art.gd:88)
       [2] _init (res://design/qa/2026-09-26/reference-art/prepare_user_reference_art.gd:76)
Prepared female/male atlas from user_reference_duck_gender_sheet_v1.png.
WARNING: Loaded resource as image file, this will not work on export: 'res://assets/art/source_generated/user_reference_cow_gender_sheet_v1.png'. Instead, import the image file as an Image resource and load it normally as a resource.
   at: load_from_file (core/io/image.cpp:2780)
   GDScript backtrace (most recent call first):
       [0] _load_image (res://design/qa/2026-09-26/reference-art/prepare_user_reference_art.gd:247)
       [1] _prepare_gendered_walker (res://design/qa/2026-09-26/reference-art/prepare_user_reference_art.gd:88)
       [2] _init (res://design/qa/2026-09-26/reference-art/prepare_user_reference_art.gd:77)
Prepared female/male atlas from user_reference_cow_gender_sheet_v1.png.
WARNING: Loaded resource as image file, this will not work on export: 'res://assets/art/source_generated/user_reference_sheep_gender_sheet_v1.png'. Instead, import the image file as an Image resource and load it normally as a resource.
   at: load_from_file (core/io/image.cpp:2780)
   GDScript backtrace (most recent call first):
       [0] _load_image (res://design/qa/2026-09-26/reference-art/prepare_user_reference_art.gd:247)
       [1] _prepare_gendered_walker (res://design/qa/2026-09-26/reference-art/prepare_user_reference_art.gd:88)
       [2] _init (res://design/qa/2026-09-26/reference-art/prepare_user_reference_art.gd:78)
Prepared female/male atlas from user_reference_sheep_gender_sheet_v1.png.
WARNING: Loaded resource as image file, this will not work on export: 'res://assets/art/source_generated/user_reference_goat_gender_sheet_v1.png'. Instead, import the image file as an Image resource and load it normally as a resource.
   at: load_from_file (core/io/image.cpp:2780)
   GDScript backtrace (most recent call first):
       [0] _load_image (res://design/qa/2026-09-26/reference-art/prepare_user_reference_art.gd:247)
       [1] _prepare_gendered_walker (res://design/qa/2026-09-26/reference-art/prepare_user_reference_art.gd:88)
       [2] _init (res://design/qa/2026-09-26/reference-art/prepare_user_reference_art.gd:79)
Prepared female/male atlas from user_reference_goat_gender_sheet_v1.png.
WARNING: Loaded resource as image file, this will not work on export: 'res://assets/art/source_generated/user_reference_pig_gender_sheet_v1.png'. Instead, import the image file as an Image resource and load it normally as a resource.
   at: load_from_file (core/io/image.cpp:2780)
   GDScript backtrace (most recent call first):
       [0] _load_image (res://design/qa/2026-09-26/reference-art/prepare_user_reference_art.gd:247)
       [1] _prepare_gendered_walker (res://design/qa/2026-09-26/reference-art/prepare_user_reference_art.gd:88)
       [2] _init (res://design/qa/2026-09-26/reference-art/prepare_user_reference_art.gd:80)
ERROR: Can't save PNG at path: 'res://assets/art/runtime_generated/farm_pig_male_walk_v1.png'.
   at: save_image (drivers/png/resource_saver_png.cpp:56)
   GDScript backtrace (most recent call first):
       [0] _prepare_gendered_walker (res://design/qa/2026-09-26/reference-art/prepare_user_reference_art.gd:91)
       [1] _init (res://design/qa/2026-09-26/reference-art/prepare_user_reference_art.gd:80)
Prepared female/male atlas from user_reference_pig_gender_sheet_v1.png.
WARNING: Loaded resource as image file, this will not work on export: 'res://assets/art/source_generated/user_reference_horse_gender_sheet_v1.png'. Instead, import the image file as an Image resource and load it normally as a resource.
   at: load_from_file (core/io/image.cpp:2780)
   GDScript backtrace (most recent call first):
       [0] _load_image (res://design/qa/2026-09-26/reference-art/prepare_user_reference_art.gd:247)
       [1] _prepare_gendered_walker (res://design/qa/2026-09-26/reference-art/prepare_user_reference_art.gd:88)
       [2] _init (res://design/qa/2026-09-26/reference-art/prepare_user_reference_art.gd:81)
Prepared female/male atlas from user_reference_horse_gender_sheet_v1.png.
WARNING: Loaded resource as image file, this will not work on export: 'res://assets/art/source_generated/user_reference_dog_gender_sheet_v1.png'. Instead, import the image file as an Image resource and load it normally as a resource.
   at: load_from_file (core/io/image.cpp:2780)
   GDScript backtrace (most recent call first):
       [0] _load_image (res://design/qa/2026-09-26/reference-art/prepare_user_reference_art.gd:247)
       [1] _prepare_gendered_walker (res://design/qa/2026-09-26/reference-art/prepare_user_reference_art.gd:88)
       [2] _init (res://design/qa/2026-09-26/reference-art/prepare_user_reference_art.gd:82)
Prepared female/male atlas from user_reference_dog_gender_sheet_v1.png.
WARNING: Loaded resource as image file, this will not work on export: 'res://assets/art/source_generated/user_reference_cat_walk_sheet_v1.png'. Instead, import the image file as an Image resource and load it normally as a resource.
   at: load_from_file (core/io/image.cpp:2780)
   GDScript backtrace (most recent call first):
       [0] _load_image (res://design/qa/2026-09-26/reference-art/prepare_user_reference_art.gd:247)
       [1] _prepare_single_walker (res://design/qa/2026-09-26/reference-art/prepare_user_reference_art.gd:96)
       [2] _init (res://design/qa/2026-09-26/reference-art/prepare_user_reference_art.gd:83)
Prepared cat walk atlas from user_reference_cat_walk_sheet_v1.png.
